// Vitest Snapshot v1, https://vitest.dev/guide/snapshot.html

exports[`TokensRenderer > should render correctly 1`] = `
<div>
  Hello, 
  <strong>
    John Doe
  </strong>
  !
</div>
`;
